rm :collections/abc.py
Traceback (most recent call last):
  File "<stdin>", line 2, in <module>
OSError: [Errno 2] ENOENT

